Archive member included to satisfy reference by file (symbol)

/home/sunbeam/stm/plugins/com.st.stm32cube.ide.mcu.externaltools.gnu-tools-for-stm32.13.3.rel1.linux64_1.0.0.202410170706/tools/bin/../lib/gcc/arm-none-eabi/13.3.1/../../../../arm-none-eabi/lib/thumb/v7e-m+fp/hard/libc_nano.a(libc_a-exit.o)
                              /home/sunbeam/stm/plugins/com.st.stm32cube.ide.mcu.externaltools.gnu-tools-for-stm32.13.3.rel1.linux64_1.0.0.202410170706/tools/bin/../lib/gcc/arm-none-eabi/13.3.1/../../../../arm-none-eabi/lib/thumb/v7e-m+fp/hard/crt0.o (exit)
/home/sunbeam/stm/plugins/com.st.stm32cube.ide.mcu.externaltools.gnu-tools-for-stm32.13.3.rel1.linux64_1.0.0.202410170706/tools/bin/../lib/gcc/arm-none-eabi/13.3.1/../../../../arm-none-eabi/lib/thumb/v7e-m+fp/hard/libc_nano.a(libc_a-findfp.o)
                              ./ThirdParty/FreeRTOS/tasks.o (__sf)
/home/sunbeam/stm/plugins/com.st.stm32cube.ide.mcu.externaltools.gnu-tools-for-stm32.13.3.rel1.linux64_1.0.0.202410170706/tools/bin/../lib/gcc/arm-none-eabi/13.3.1/../../../../arm-none-eabi/lib/thumb/v7e-m+fp/hard/libc_nano.a(libc_a-fwalk.o)
                              /home/sunbeam/stm/plugins/com.st.stm32cube.ide.mcu.externaltools.gnu-tools-for-stm32.13.3.rel1.linux64_1.0.0.202410170706/tools/bin/../lib/gcc/arm-none-eabi/13.3.1/../../../../arm-none-eabi/lib/thumb/v7e-m+fp/hard/libc_nano.a(libc_a-findfp.o) (_fwalk_sglue)
/home/sunbeam/stm/plugins/com.st.stm32cube.ide.mcu.externaltools.gnu-tools-for-stm32.13.3.rel1.linux64_1.0.0.202410170706/tools/bin/../lib/gcc/arm-none-eabi/13.3.1/../../../../arm-none-eabi/lib/thumb/v7e-m+fp/hard/libc_nano.a(libc_a-stdio.o)
                              /home/sunbeam/stm/plugins/com.st.stm32cube.ide.mcu.externaltools.gnu-tools-for-stm32.13.3.rel1.linux64_1.0.0.202410170706/tools/bin/../lib/gcc/arm-none-eabi/13.3.1/../../../../arm-none-eabi/lib/thumb/v7e-m+fp/hard/libc_nano.a(libc_a-findfp.o) (__sread)
/home/sunbeam/stm/plugins/com.st.stm32cube.ide.mcu.externaltools.gnu-tools-for-stm32.13.3.rel1.linux64_1.0.0.202410170706/tools/bin/../lib/gcc/arm-none-eabi/13.3.1/../../../../arm-none-eabi/lib/thumb/v7e-m+fp/hard/libc_nano.a(libc_a-memset.o)
                              /home/sunbeam/stm/plugins/com.st.stm32cube.ide.mcu.externaltools.gnu-tools-for-stm32.13.3.rel1.linux64_1.0.0.202410170706/tools/bin/../lib/gcc/arm-none-eabi/13.3.1/../../../../arm-none-eabi/lib/thumb/v7e-m+fp/hard/crt0.o (memset)
/home/sunbeam/stm/plugins/com.st.stm32cube.ide.mcu.externaltools.gnu-tools-for-stm32.13.3.rel1.linux64_1.0.0.202410170706/tools/bin/../lib/gcc/arm-none-eabi/13.3.1/../../../../arm-none-eabi/lib/thumb/v7e-m+fp/hard/libc_nano.a(libc_a-strupr.o)
                              ./Src/main.o (strupr)
/home/sunbeam/stm/plugins/com.st.stm32cube.ide.mcu.externaltools.gnu-tools-for-stm32.13.3.rel1.linux64_1.0.0.202410170706/tools/bin/../lib/gcc/arm-none-eabi/13.3.1/../../../../arm-none-eabi/lib/thumb/v7e-m+fp/hard/libc_nano.a(libc_a-closer.o)
                              /home/sunbeam/stm/plugins/com.st.stm32cube.ide.mcu.externaltools.gnu-tools-for-stm32.13.3.rel1.linux64_1.0.0.202410170706/tools/bin/../lib/gcc/arm-none-eabi/13.3.1/../../../../arm-none-eabi/lib/thumb/v7e-m+fp/hard/libc_nano.a(libc_a-stdio.o) (_close_r)
/home/sunbeam/stm/plugins/com.st.stm32cube.ide.mcu.externaltools.gnu-tools-for-stm32.13.3.rel1.linux64_1.0.0.202410170706/tools/bin/../lib/gcc/arm-none-eabi/13.3.1/../../../../arm-none-eabi/lib/thumb/v7e-m+fp/hard/libc_nano.a(libc_a-reent.o)
                              ./ThirdParty/FreeRTOS/tasks.o (_reclaim_reent)
/home/sunbeam/stm/plugins/com.st.stm32cube.ide.mcu.externaltools.gnu-tools-for-stm32.13.3.rel1.linux64_1.0.0.202410170706/tools/bin/../lib/gcc/arm-none-eabi/13.3.1/../../../../arm-none-eabi/lib/thumb/v7e-m+fp/hard/libc_nano.a(libc_a-impure.o)
                              ./ThirdParty/FreeRTOS/tasks.o (_impure_ptr)
/home/sunbeam/stm/plugins/com.st.stm32cube.ide.mcu.externaltools.gnu-tools-for-stm32.13.3.rel1.linux64_1.0.0.202410170706/tools/bin/../lib/gcc/arm-none-eabi/13.3.1/../../../../arm-none-eabi/lib/thumb/v7e-m+fp/hard/libc_nano.a(libc_a-lseekr.o)
                              /home/sunbeam/stm/plugins/com.st.stm32cube.ide.mcu.externaltools.gnu-tools-for-stm32.13.3.rel1.linux64_1.0.0.202410170706/tools/bin/../lib/gcc/arm-none-eabi/13.3.1/../../../../arm-none-eabi/lib/thumb/v7e-m+fp/hard/libc_nano.a(libc_a-stdio.o) (_lseek_r)
/home/sunbeam/stm/plugins/com.st.stm32cube.ide.mcu.externaltools.gnu-tools-for-stm32.13.3.rel1.linux64_1.0.0.202410170706/tools/bin/../lib/gcc/arm-none-eabi/13.3.1/../../../../arm-none-eabi/lib/thumb/v7e-m+fp/hard/libc_nano.a(libc_a-readr.o)
                              /home/sunbeam/stm/plugins/com.st.stm32cube.ide.mcu.externaltools.gnu-tools-for-stm32.13.3.rel1.linux64_1.0.0.202410170706/tools/bin/../lib/gcc/arm-none-eabi/13.3.1/../../../../arm-none-eabi/lib/thumb/v7e-m+fp/hard/libc_nano.a(libc_a-stdio.o) (_read_r)
[...]
Memory Configuration

Name             Origin             Length             Attributes
CCMRAM           0x10000000         0x00010000         xrw
RAM              0x20000000         0x00020000         xrw
FLASH            0x08000000         0x00100000         xr
*default*        0x00000000         0xffffffff

Linker script and memory map

LOAD /home/sunbeam/stm/plugins/com.st.stm32cube.ide.mcu.externaltools.gnu-tools-for-stm32.13.3.rel1.linux64_1.0.0.202410170706/tools/bin/../lib/gcc/arm-none-eabi/13.3.1/thumb/v7e-m+fp/hard/crti.o
LOAD /home/sunbeam/stm/plugins/com.st.stm32cube.ide.mcu.externaltools.gnu-tools-for-stm32.13.3.rel1.linux64_1.0.0.202410170706/tools/bin/../lib/gcc/arm-none-eabi/13.3.1/thumb/v7e-m+fp/hard/crtbegin.o
LOAD /home/sunbeam/stm/plugins/com.st.stm32cube.ide.mcu.externaltools.gnu-tools-for-stm32.13.3.rel1.linux64_1.0.0.202410170706/tools/bin/../lib/gcc/arm-none-eabi/13.3.1/../../../../arm-none-eabi/lib/thumb/v7e-m+fp/hard/crt0.o
LOAD ./Src/itm.o
LOAD ./Src/led.o
LOAD ./Src/main.o
LOAD ./Src/syscalls.o
LOAD ./Src/sysmem.o
LOAD ./Src/system_stm32f4xx.o
LOAD ./Src/uart.o
LOAD ./Startup/startup_stm32f407vgtx.o
LOAD ./ThirdParty/FreeRTOS/croutine.o
LOAD ./ThirdParty/FreeRTOS/event_groups.o
LOAD ./ThirdParty/FreeRTOS/list.o
LOAD ./ThirdParty/FreeRTOS/queue.o
LOAD ./ThirdParty/FreeRTOS/stream_buffer.o
LOAD ./ThirdParty/FreeRTOS/tasks.o
LOAD ./ThirdParty/FreeRTOS/timers.o
LOAD ./ThirdParty/FreeRTOS/portable/GCC/ARM_CM4F/port.o
LOAD ./ThirdParty/FreeRTOS/portable/MemMang/heap_4.o
START GROUP
LOAD /home/sunbeam/stm/plugins/com.st.stm32cube.ide.mcu.externaltools.gnu-tools-for-stm32.13.3.rel1.linux64_1.0.0.202410170706/tools/bin/../lib/gcc/arm-none-eabi/13.3.1/../../../../arm-none-eabi/lib/thumb/v7e-m+fp/hard/libc_nano.a
LOAD /home/sunbeam/stm/plugins/com.st.stm32cube.ide.mcu.externaltools.gnu-tools-for-stm32.13.3.rel1.linux64_1.0.0.202410170706/tools/bin/../lib/gcc/arm-none-eabi/13.3.1/../../../../arm-none-eabi/lib/thumb/v7e-m+fp/hard/libm.a
END GROUP
START GROUP
LOAD /home/sunbeam/stm/plugins/com.st.stm32cube.ide.mcu.externaltools.gnu-tools-for-stm32.13.3.rel1.linux64_1.0.0.202410170706/tools/bin/../lib/gcc/arm-none-eabi/13.3.1/thumb/v7e-m+fp/hard/libgcc.a
LOAD /home/sunbeam/stm/plugins/com.st.stm32cube.ide.mcu.externaltools.gnu-tools-for-stm32.13.3.rel1.linux64_1.0.0.202410170706/tools/bin/../lib/gcc/arm-none-eabi/13.3.1/../../../../arm-none-eabi/lib/thumb/v7e-m+fp/hard/libc_nano.a
END GROUP
START GROUP
LOAD /home/sunbeam/stm/plugins/com.st.stm32cube.ide.mcu.externaltools.gnu-tools-for-stm32.13.3.rel1.linux64_1.0.0.202410170706/tools/bin/../lib/gcc/arm-none-eabi/13.3.1/thumb/v7e-m+fp/hard/libgcc.a
LOAD /home/sunbeam/stm/plugins/com.st.stm32cube.ide.mcu.externaltools.gnu-tools-for-stm32.13.3.rel1.linux64_1.0.0.202410170706/tools/bin/../lib/gcc/arm-none-eabi/13.3.1/../../../../arm-none-eabi/lib/thumb/v7e-m+fp/hard/libc_nano.a
LOAD /home/sunbeam/stm/plugins/com.st.stm32cube.ide.mcu.externaltools.gnu-tools-for-stm32.13.3.rel1.linux64_1.0.0.202410170706/tools/bin/../lib/gcc/arm-none-eabi/13.3.1/../../../../arm-none-eabi/lib/thumb/v7e-m+fp/hard/libnosys.a
END GROUP
START GROUP
LOAD /home/sunbeam/stm/plugins/com.st.stm32cube.ide.mcu.externaltools.gnu-tools-for-stm32.13.3.rel1.linux64_1.0.0.202410170706/tools/bin/../lib/gcc/arm-none-eabi/13.3.1/thumb/v7e-m+fp/hard/libgcc.a
LOAD /home/sunbeam/stm/plugins/com.st.stm32cube.ide.mcu.externaltools.gnu-tools-for-stm32.13.3.rel1.linux64_1.0.0.202410170706/tools/bin/../lib/gcc/arm-none-eabi/13.3.1/../../../../arm-none-eabi/lib/thumb/v7e-m+fp/hard/libc_nano.a
LOAD /home/sunbeam/stm/plugins/com.st.stm32cube.ide.mcu.externaltools.gnu-tools-for-stm32.13.3.rel1.linux64_1.0.0.202410170706/tools/bin/../lib/gcc/arm-none-eabi/13.3.1/../../../../arm-none-eabi/lib/thumb/v7e-m+fp/hard/libnosys.a
END GROUP
LOAD /home/sunbeam/stm/plugins/com.st.stm32cube.ide.mcu.externaltools.gnu-tools-for-stm32.13.3.rel1.linux64_1.0.0.202410170706/tools/bin/../lib/gcc/arm-none-eabi/13.3.1/thumb/v7e-m+fp/hard/crtend.o
LOAD /home/sunbeam/stm/plugins/com.st.stm32cube.ide.mcu.externaltools.gnu-tools-for-stm32.13.3.rel1.linux64_1.0.0.202410170706/tools/bin/../lib/gcc/arm-none-eabi/13.3.1/thumb/v7e-m+fp/hard/crtn.o
                0x20020000                        _estack = (ORIGIN (RAM) + LENGTH (RAM))
                0x00000200                        _Min_Heap_Size = 0x200
                0x00000400                        _Min_Stack_Size = 0x400

.isr_vector     0x08000000      0x188
                0x08000000                        . = ALIGN (0x4)
 *(.isr_vector)
 .isr_vector    0x08000000      0x188 ./Startup/startup_stm32f407vgtx.o
                0x08000000                g_pfnVectors
                0x08000188                        . = ALIGN (0x4)

.text           0x08000190     0x1658
                0x08000190                        . = ALIGN (0x4)
 *(.text)
 .text          0x08000190       0x40 /home/sunbeam/stm/plugins/com.st.stm32cube.ide.mcu.externaltools.gnu-tools-for-stm32.13.3.rel1.linux64_1.0.0.202410170706/tools/bin/../lib/gcc/arm-none-eabi/13.3.1/thumb/v7e-m+fp/hard/crtbegin.o
 *(.text*)
 .text.vAperiodicTask
                0x080001d0       0x2a ./Src/main.o
                0x080001d0                vAperiodicTask
 *fill*         0x080001fa        0x2 
 .text.main     0x080001fc       0x3c ./Src/main.o
                0x080001fc                main
 .text.SystemInit
                0x08000238       0x20 ./Src/system_stm32f4xx.o
                0x08000238                SystemInit
 .text.DWT_Init
                0x08000258       0x60 ./Src/system_stm32f4xx.o
                0x08000258                DWT_Init
 .text.UartInit
                0x080002b8       0xa8 ./Src/uart.o
                0x080002b8                UartInit
 .text.UartPutch
                0x08000360       0x30 ./Src/uart.o
                0x08000360                UartPutch
 .text.UartGetch
                0x08000390       0x24 ./Src/uart.o
                0x08000390                UartGetch
 .text.UartPuts
                0x080003b4       0x38 ./Src/uart.o
                0x080003b4                UartPuts
 .text.UartGets
                0x080003ec       0x4c ./Src/uart.o
                0x080003ec                UartGets
 .text.Reset_Handler
                0x08000438       0x50 ./Startup/startup_stm32f407vgtx.o
                0x08000438                Reset_Handler
 .text.Default_Handler
                0x08000488        0x2 ./Startup/startup_stm32f407vgtx.o
                0x08000488                RTC_Alarm_IRQHandler
                0x08000488                HASH_RNG_IRQHandler
                0x08000488                EXTI2_IRQHandler
                0x08000488                TIM8_CC_IRQHandler
                0x08000488                DebugMon_Handler
                0x08000488                TIM1_CC_IRQHandler
                0x08000488                DMA2_Stream5_IRQHandler
                0x08000488                HardFault_Handler
                0x08000488                DMA1_Stream5_IRQHandler
                0x08000488                PVD_IRQHandler
                0x08000488                SDIO_IRQHandler
                0x08000488                TAMP_STAMP_IRQHandler
                0x08000488                NMI_Handler
                0x08000488                CAN2_RX1_IRQHandler
                0x08000488                EXTI3_IRQHandler
                0x08000488                TIM8_TRG_COM_TIM14_IRQHandler
                0x08000488                TIM1_UP_TIM10_IRQHandler
                0x08000488                TIM8_UP_TIM13_IRQHandler
                0x08000488                I2C3_ER_IRQHandler
                0x08000488                EXTI0_IRQHandler
                0x08000488                I2C2_EV_IRQHandler
                0x08000488                DMA1_Stream2_IRQHandler
                0x08000488                CAN1_RX0_IRQHandler
                0x08000488                FPU_IRQHandler
                0x08000488                OTG_HS_WKUP_IRQHandler
                0x08000488                UsageFault_Handler
                0x08000488                CAN2_SCE_IRQHandler
                0x08000488                DMA2_Stream2_IRQHandler
                0x08000488                SPI1_IRQHandler
                0x08000488                TIM6_DAC_IRQHandler
                0x08000488                TIM1_BRK_TIM9_IRQHandler
                0x08000488                DCMI_IRQHandler
                0x08000488                CAN2_RX0_IRQHandler
                0x08000488                DMA2_Stream3_IRQHandler
                0x08000488                USART6_IRQHandler
                0x08000488                USART3_IRQHandler
                0x08000488                CRYP_IRQHandler
                0x08000488                CAN1_RX1_IRQHandler
                0x08000488                UART5_IRQHandler
                0x08000488                DMA2_Stream0_IRQHandler
                0x08000488                TIM4_IRQHandler
                0x08000488                I2C1_EV_IRQHandler
                0x08000488                DMA1_Stream6_IRQHandler
                0x08000488                DMA1_Stream1_IRQHandler
                0x08000488                UART4_IRQHandler
                0x08000488                TIM3_IRQHandler
                0x08000488                RCC_IRQHandler
                0x08000488                TIM8_BRK_TIM12_IRQHandler
                0x08000488                Default_Handler
                0x08000488                EXTI15_10_IRQHandler
                0x08000488                ADC_IRQHandler
                0x08000488                DMA1_Stream7_IRQHandler
                0x08000488                TIM7_IRQHandler
                0x08000488                CAN2_TX_IRQHandler
                0x08000488                TIM5_IRQHandler
                0x08000488                DMA2_Stream7_IRQHandler
                0x08000488                I2C3_EV_IRQHandler
                0x08000488                EXTI9_5_IRQHandler
                0x08000488                RTC_WKUP_IRQHandler
                0x08000488                ETH_WKUP_IRQHandler
                0x08000488                SPI2_IRQHandler
                0x08000488                OTG_HS_EP1_IN_IRQHandler
                0x08000488                MemManage_Handler
                0x08000488                DMA1_Stream0_IRQHandler
                0x08000488                CAN1_TX_IRQHandler
                0x08000488                EXTI4_IRQHandler
                0x08000488                FSMC_IRQHandler
                0x08000488                ETH_IRQHandler
                0x08000488                OTG_HS_EP1_OUT_IRQHandler
                0x08000488                WWDG_IRQHandler
                0x08000488                TIM2_IRQHandler
                0x08000488                OTG_FS_WKUP_IRQHandler
                0x08000488                TIM1_TRG_COM_TIM11_IRQHandler
                0x08000488                OTG_HS_IRQHandler
                0x08000488                EXTI1_IRQHandler
                0x08000488                USART2_IRQHandler
                0x08000488                I2C2_ER_IRQHandler
                0x08000488                DMA2_Stream1_IRQHandler
                0x08000488                CAN1_SCE_IRQHandler
                0x08000488                DMA2_Stream4_IRQHandler
                0x08000488                BusFault_Handler
                0x08000488                USART1_IRQHandler
                0x08000488                OTG_FS_IRQHandler
                0x08000488                SPI3_IRQHandler
                0x08000488                DMA1_Stream4_IRQHandler
                0x08000488                I2C1_ER_IRQHandler
                0x08000488                DMA2_Stream6_IRQHandler
                0x08000488                DMA1_Stream3_IRQHandler
 .text.vListInitialise
                0x0800048a       0x40 ./ThirdParty/FreeRTOS/list.o
                0x0800048a                vListInitialise
 .text.vListInitialiseItem
                0x080004ca       0x1a ./ThirdParty/FreeRTOS/list.o
                0x080004ca                vListInitialiseItem
 .text.vListInsertEnd
                0x080004e4       0x48 ./ThirdParty/FreeRTOS/list.o
                0x080004e4                vListInsertEnd
 .text.uxListRemove
                0x0800052c       0x54 ./ThirdParty/FreeRTOS/list.o
                0x0800052c                uxListRemove
 .text.xTaskCreate
                0x08000580       0x82 ./ThirdParty/FreeRTOS/tasks.o
                0x08000580                xTaskCreate
 *fill*         0x08000602        0x2 
 .text.prvInitialiseNewTask
                0x08000604      0x14c ./ThirdParty/FreeRTOS/tasks.o
 .text.prvAddNewTaskToReadyList
                0x08000750       0xd4 ./ThirdParty/FreeRTOS/tasks.o
 .text.vTaskStartScheduler
                0x08000824       0xac ./ThirdParty/FreeRTOS/tasks.o
                0x08000824                vTaskStartScheduler
 .text.vTaskSuspendAll
                0x080008d0       0x1c ./ThirdParty/FreeRTOS/tasks.o
                0x080008d0                vTaskSuspendAll
 .text.xTaskResumeAll
                0x080008ec      0x13c ./ThirdParty/FreeRTOS/tasks.o
                0x080008ec                xTaskResumeAll
 .text.xTaskIncrementTick
                0x08000a28      0x174 ./ThirdParty/FreeRTOS/tasks.o
                0x08000a28                xTaskIncrementTick
 .text.vTaskSwitchContext
                0x08000b9c       0xc8 ./ThirdParty/FreeRTOS/tasks.o
                0x08000b9c                vTaskSwitchContext
 .text.prvIdleTask
                0x08000c64       0x30 ./ThirdParty/FreeRTOS/tasks.o
 .text.prvInitialiseTaskLists
                0x08000c94       0x80 ./ThirdParty/FreeRTOS/tasks.o
 .text.prvCheckTasksWaitingTermination
                0x08000d14       0x5c ./ThirdParty/FreeRTOS/tasks.o
 .text.prvDeleteTCB
                0x08000d70       0x2a ./ThirdParty/FreeRTOS/tasks.o
 *fill*         0x08000d9a        0x2 
 .text.prvResetNextTaskUnblockTime
                0x08000d9c       0x38 ./ThirdParty/FreeRTOS/tasks.o
 .text.pxPortInitialiseStack
                0x08000dd4       0x68 ./ThirdParty/FreeRTOS/portable/GCC/ARM_CM4F/port.o
                0x08000dd4                pxPortInitialiseStack
 .text.prvTaskExitError
                0x08000e3c       0x5c ./ThirdParty/FreeRTOS/portable/GCC/ARM_CM4F/port.o
 *fill*         0x08000e98        0x8 
 .text.SVC_Handler
                0x08000ea0       0x28 ./ThirdParty/FreeRTOS/portable/GCC/ARM_CM4F/port.o
                0x08000ea0                SVC_Handler
 .text.prvPortStartFirstTask
                0x08000ec8       0x2c ./ThirdParty/FreeRTOS/portable/GCC/ARM_CM4F/port.o
 .text.xPortStartScheduler
                0x08000ef4      0x148 ./ThirdParty/FreeRTOS/portable/GCC/ARM_CM4F/port.o
                0x08000ef4                xPortStartScheduler
 .text.vPortEnterCritical
                0x0800103c       0x64 ./ThirdParty/FreeRTOS/portable/GCC/ARM_CM4F/port.o
                0x0800103c                vPortEnterCritical
 .text.vPortExitCritical
                0x080010a0       0x54 ./ThirdParty/FreeRTOS/portable/GCC/ARM_CM4F/port.o
                0x080010a0                vPortExitCritical
 *fill*         0x080010f4        0xc 
 .text.PendSV_Handler
                0x08001100       0x68 ./ThirdParty/FreeRTOS/portable/GCC/ARM_CM4F/port.o
                0x08001100                PendSV_Handler
 .text.SysTick_Handler
                0x08001168       0x44 ./ThirdParty/FreeRTOS/portable/GCC/ARM_CM4F/port.o
                0x08001168                SysTick_Handler
 .text.vPortSetupTimerInterrupt
                0x080011ac       0x48 ./ThirdParty/FreeRTOS/portable/GCC/ARM_CM4F/port.o
                0x080011ac                vPortSetupTimerInterrupt
 .text.vPortEnableVFP
                0x080011f4       0x18 ./ThirdParty/FreeRTOS/portable/GCC/ARM_CM4F/port.o
 .text.pvPortMalloc
                0x0800120c      0x19c ./ThirdParty/FreeRTOS/portable/MemMang/heap_4.o
                0x0800120c                pvPortMalloc
 .text.vPortFree
                0x080013a8       0xc8 ./ThirdParty/FreeRTOS/portable/MemMang/heap_4.o
                0x080013a8                vPortFree
 .text.prvHeapInit
                0x08001470       0xc4 ./ThirdParty/FreeRTOS/portable/MemMang/heap_4.o
 .text.prvInsertBlockIntoFreeList
                0x08001534       0xb4 ./ThirdParty/FreeRTOS/portable/MemMang/heap_4.o
 .text.memset   0x080015e8       0x10 /home/sunbeam/stm/plugins/com.st.stm32cube.ide.mcu.externaltools.gnu-tools-for-stm32.13.3.rel1.linux64_1.0.0.202410170706/tools/bin/../lib/gcc/arm-none-eabi/13.3.1/../../../../arm-none-eabi/lib/thumb/v7e-m+fp/hard/libc_nano.a(libc_a-memset.o)
                0x080015e8                memset
 .text.strupr   0x080015f8       0x24 /home/sunbeam/stm/plugins/com.st.stm32cube.ide.mcu.externaltools.gnu-tools-for-stm32.13.3.rel1.linux64_1.0.0.202410170706/tools/bin/../lib/gcc/arm-none-eabi/13.3.1/../../../../arm-none-eabi/lib/thumb/v7e-m+fp/hard/libc_nano.a(libc_a-strupr.o)
                0x080015f8                strupr
 .text._reclaim_reent
                0x0800161c       0xbc /home/sunbeam/stm/plugins/com.st.stm32cube.ide.mcu.externaltools.gnu-tools-for-stm32.13.3.rel1.linux64_1.0.0.202410170706/tools/bin/../lib/gcc/arm-none-eabi/13.3.1/../../../../arm-none-eabi/lib/thumb/v7e-m+fp/hard/libc_nano.a(libc_a-reent.o)
                0x0800161c                _reclaim_reent
 .text.__libc_init_array
                0x080016d8       0x48 /home/sunbeam/stm/plugins/com.st.stm32cube.ide.mcu.externaltools.gnu-tools-for-stm32.13.3.rel1.linux64_1.0.0.202410170706/tools/bin/../lib/gcc/arm-none-eabi/13.3.1/../../../../arm-none-eabi/lib/thumb/v7e-m+fp/hard/libc_nano.a(libc_a-init.o)
                0x080016d8                __libc_init_array
 .text.__retarget_lock_acquire_recursive
                0x08001720        0x2 /home/sunbeam/stm/plugins/com.st.stm32cube.ide.mcu.externaltools.gnu-tools-for-stm32.13.3.rel1.linux64_1.0.0.202410170706/tools/bin/../lib/gcc/arm-none-eabi/13.3.1/../../../../arm-none-eabi/lib/thumb/v7e-m+fp/hard/libc_nano.a(libc_a-lock.o)
                0x08001720                __retarget_lock_acquire_recursive
 .text.__retarget_lock_release_recursive
                0x08001722        0x2 /home/sunbeam/stm/plugins/com.st.stm32cube.ide.mcu.externaltools.gnu-tools-for-stm32.13.3.rel1.linux64_1.0.0.202410170706/tools/bin/../lib/gcc/arm-none-eabi/13.3.1/../../../../arm-none-eabi/lib/thumb/v7e-m+fp/hard/libc_nano.a(libc_a-lock.o)
                0x08001722                __retarget_lock_release_recursive
 .text._free_r  0x08001724       0x94 /home/sunbeam/stm/plugins/com.st.stm32cube.ide.mcu.externaltools.gnu-tools-for-stm32.13.3.rel1.linux64_1.0.0.202410170706/tools/bin/../lib/gcc/arm-none-eabi/13.3.1/../../../../arm-none-eabi/lib/thumb/v7e-m+fp/hard/libc_nano.a(libc_a-freer.o)
                0x08001724                _free_r
 .text.__malloc_lock
                0x080017b8        0xc /home/sunbeam/stm/plugins/com.st.stm32cube.ide.mcu.externaltools.gnu-tools-for-stm32.13.3.rel1.linux64_1.0.0.202410170706/tools/bin/../lib/gcc/arm-none-eabi/13.3.1/../../../../arm-none-eabi/lib/thumb/v7e-m+fp/hard/libc_nano.a(libc_a-mlock.o)
                0x080017b8                __malloc_lock
 .text.__malloc_unlock
                0x080017c4        0xc /home/sunbeam/stm/plugins/com.st.stm32cube.ide.mcu.externaltools.gnu-tools-for-stm32.13.3.rel1.linux64_1.0.0.202410170706/tools/bin/../lib/gcc/arm-none-eabi/13.3.1/../../../../arm-none-eabi/lib/thumb/v7e-m+fp/hard/libc_nano.a(libc_a-mlock.o)
                0x080017c4                __malloc_unlock
 *(.glue_7)
 .glue_7        0x080017d0        0x0 linker stubs
 *(.glue_7t)
 .glue_7t       0x080017d0        0x0 linker stubs
 *(.eh_frame)
 .eh_frame      0x080017d0        0x0 /home/sunbeam/stm/plugins/com.st.stm32cube.ide.mcu.externaltools.gnu-tools-for-stm32.13.3.rel1.linux64_1.0.0.202410170706/tools/bin/../lib/gcc/arm-none-eabi/13.3.1/thumb/v7e-m+fp/hard/crtbegin.o
 *(.init)
 .init          0x080017d0        0x4 /home/sunbeam/stm/plugins/com.st.stm32cube.ide.mcu.externaltools.gnu-tools-for-stm32.13.3.rel1.linux64_1.0.0.202410170706/tools/bin/../lib/gcc/arm-none-eabi/13.3.1/thumb/v7e-m+fp/hard/crti.o
                0x080017d0                _init
 .init          0x080017d4        0x8 /home/sunbeam/stm/plugins/com.st.stm32cube.ide.mcu.externaltools.gnu-tools-for-stm32.13.3.rel1.linux64_1.0.0.202410170706/tools/bin/../lib/gcc/arm-none-eabi/13.3.1/thumb/v7e-m+fp/hard/crtn.o
 *(.fini)
 .fini          0x080017dc        0x4 /home/sunbeam/stm/plugins/com.st.stm32cube.ide.mcu.externaltools.gnu-tools-for-stm32.13.3.rel1.linux64_1.0.0.202410170706/tools/bin/../lib/gcc/arm-none-eabi/13.3.1/thumb/v7e-m+fp/hard/crti.o
                0x080017dc                _fini
 .fini          0x080017e0        0x8 /home/sunbeam/stm/plugins/com.st.stm32cube.ide.mcu.externaltools.gnu-tools-for-stm32.13.3.rel1.linux64_1.0.0.202410170706/tools/bin/../lib/gcc/arm-none-eabi/13.3.1/thumb/v7e-m+fp/hard/crtn.o
                0x080017e8                        . = ALIGN (0x4)
                0x080017e8                        _etext = .

.vfp11_veneer   0x080017e8        0x0
 .vfp11_veneer  0x080017e8        0x0 linker stubs

.v4_bx          0x080017e8        0x0
 .v4_bx         0x080017e8        0x0 linker stubs

.iplt           0x080017e8        0x0
 .iplt          0x080017e8        0x0 /home/sunbeam/stm/plugins/com.st.stm32cube.ide.mcu.externaltools.gnu-tools-for-stm32.13.3.rel1.linux64_1.0.0.202410170706/tools/bin/../lib/gcc/arm-none-eabi/13.3.1/thumb/v7e-m+fp/hard/crtbegin.o

.rodata         0x080017e8      0x130
                0x080017e8                        . = ALIGN (0x4)
 *(.rodata)
 .rodata        0x080017e8       0x1e ./Src/main.o
 *fill*         0x08001806        0x2 
 .rodata        0x08001808        0x5 ./ThirdParty/FreeRTOS/tasks.o
 *(.rodata*)
 *fill*         0x0800180d        0x3 
 .rodata.uxTopUsedPriority
                0x08001810        0x4 ./ThirdParty/FreeRTOS/tasks.o
                0x08001810                uxTopUsedPriority
 .rodata._ctype_
                0x08001814      0x101 /home/sunbeam/stm/plugins/com.st.stm32cube.ide.mcu.externaltools.gnu-tools-for-stm32.13.3.rel1.linux64_1.0.0.202410170706/tools/bin/../lib/gcc/arm-none-eabi/13.3.1/../../../../arm-none-eabi/lib/thumb/v7e-m+fp/hard/libc_nano.a(libc_a-ctype_.o)
                0x08001814                _ctype_
                0x08001918                        . = ALIGN (0x4)
 *fill*         0x08001915        0x3 

.ARM.extab      0x08001918        0x0
                0x08001918                        . = ALIGN (0x4)
 *(.ARM.extab* .gnu.linkonce.armextab.*)
                0x08001918                        . = ALIGN (0x4)

.ARM            0x08001918        0x0
                0x08001918                        . = ALIGN (0x4)
                0x08001918                        __exidx_start = .
 *(.ARM.exidx*)
                0x08001918                        __exidx_end = .
                0x08001918                        . = ALIGN (0x4)

.preinit_array  0x08001918        0x0
                0x08001918                        . = ALIGN (0x4)
                0x08001918                        PROVIDE (__preinit_array_start = .)
 *(.preinit_array*)
                0x08001918                        PROVIDE (__preinit_array_end = .)
                0x08001918                        . = ALIGN (0x4)

.init_array     0x08001918        0x4
                0x08001918                        . = ALIGN (0x4)
                0x08001918                        PROVIDE (__init_array_start = .)
 *(SORT_BY_NAME(.init_array.*))
 *(.init_array*)
 .init_array    0x08001918        0x4 /home/sunbeam/stm/plugins/com.st.stm32cube.ide.mcu.externaltools.gnu-tools-for-stm32.13.3.rel1.linux64_1.0.0.202410170706/tools/bin/../lib/gcc/arm-none-eabi/13.3.1/thumb/v7e-m+fp/hard/crtbegin.o
                0x0800191c                        PROVIDE (__init_array_end = .)
                0x0800191c                        . = ALIGN (0x4)

.fini_array     0x0800191c        0x4
                0x0800191c                        . = ALIGN (0x4)
                [!provide]                        PROVIDE (__fini_array_start = .)
 *(SORT_BY_NAME(.fini_array.*))
 *(.fini_array*)
 .fini_array    0x0800191c        0x4 /home/sunbeam/stm/plugins/com.st.stm32cube.ide.mcu.externaltools.gnu-tools-for-stm32.13.3.rel1.linux64_1.0.0.202410170706/tools/bin/../lib/gcc/arm-none-eabi/13.3.1/thumb/v7e-m+fp/hard/crtbegin.o
                [!provide]                        PROVIDE (__fini_array_end = .)
                0x08001920                        . = ALIGN (0x4)
                0x08001920                        _sidata = LOADADDR (.data)

.rel.dyn        0x08001920        0x0
 .rel.iplt      0x08001920        0x0 /home/sunbeam/stm/plugins/com.st.stm32cube.ide.mcu.externaltools.gnu-tools-for-stm32.13.3.rel1.linux64_1.0.0.202410170706/tools/bin/../lib/gcc/arm-none-eabi/13.3.1/thumb/v7e-m+fp/hard/crtbegin.o

.data           0x20000000       0x58 load address 0x08001920
                0x20000000                        . = ALIGN (0x4)
                0x20000000                        _sdata = .
 *(.data)
 *(.data*)
 .data.SystemCoreClock
                0x20000000        0x4 ./Src/system_stm32f4xx.o
                0x20000000                SystemCoreClock
 .data.uxCriticalNesting
                0x20000004        0x4 ./ThirdParty/FreeRTOS/portable/GCC/ARM_CM4F/port.o
 .data._impure_ptr
                0x20000008        0x4 /home/sunbeam/stm/plugins/com.st.stm32cube.ide.mcu.externaltools.gnu-tools-for-stm32.13.3.rel1.linux64_1.0.0.202410170706/tools/bin/../lib/gcc/arm-none-eabi/13.3.1/../../../../arm-none-eabi/lib/thumb/v7e-m+fp/hard/libc_nano.a(libc_a-impure.o)
                0x20000008                _impure_ptr
 .data._impure_data
                0x2000000c       0x4c /home/sunbeam/stm/plugins/com.st.stm32cube.ide.mcu.externaltools.gnu-tools-for-stm32.13.3.rel1.linux64_1.0.0.202410170706/tools/bin/../lib/gcc/arm-none-eabi/13.3.1/../../../../arm-none-eabi/lib/thumb/v7e-m+fp/hard/libc_nano.a(libc_a-impure.o)
                0x2000000c                _impure_data
 *(.RamFunc)
 *(.RamFunc*)
                0x20000058                        . = ALIGN (0x4)
                0x20000058                        _edata = .
                0x08001978                        _siccmram = LOADADDR (.ccmram)

.igot.plt       0x20000058        0x0 load address 0x08001978
 .igot.plt      0x20000058        0x0 /home/sunbeam/stm/plugins/com.st.stm32cube.ide.mcu.externaltools.gnu-tools-for-stm32.13.3.rel1.linux64_1.0.0.202410170706/tools/bin/../lib/gcc/arm-none-eabi/13.3.1/thumb/v7e-m+fp/hard/crtbegin.o

.ccmram         0x10000000        0x0 load address 0x08001978
                0x10000000                        . = ALIGN (0x4)
                0x10000000                        _sccmram = .
 *(.ccmram)
 *(.ccmram*)
                0x10000000                        . = ALIGN (0x4)
                0x10000000                        _eccmram = .
                0x10000000                        . = ALIGN (0x4)

.bss            0x20000058     0x3eb0
                0x20000058                        _sbss = .
                0x20000058                        __bss_start__ = _sbss
 *(.bss)
 .bss           0x20000058       0x1c /home/sunbeam/stm/plugins/com.st.stm32cube.ide.mcu.externaltools.gnu-tools-for-stm32.13.3.rel1.linux64_1.0.0.202410170706/tools/bin/../lib/gcc/arm-none-eabi/13.3.1/thumb/v7e-m+fp/hard/crtbegin.o
 *(.bss*)
 .bss.pxCurrentTCB
                0x20000074        0x4 ./ThirdParty/FreeRTOS/tasks.o
                0x20000074                pxCurrentTCB
 .bss.pxReadyTasksLists
                0x20000078       0x8c ./ThirdParty/FreeRTOS/tasks.o
 .bss.xDelayedTaskList1
                0x20000104       0x14 ./ThirdParty/FreeRTOS/tasks.o
 .bss.xDelayedTaskList2
                0x20000118       0x14 ./ThirdParty/FreeRTOS/tasks.o
 .bss.pxDelayedTaskList
                0x2000012c        0x4 ./ThirdParty/FreeRTOS/tasks.o
 .bss.pxOverflowDelayedTaskList
                0x20000130        0x4 ./ThirdParty/FreeRTOS/tasks.o
 .bss.xPendingReadyList
                0x20000134       0x14 ./ThirdParty/FreeRTOS/tasks.o
 .bss.xTasksWaitingTermination
                0x20000148       0x14 ./ThirdParty/FreeRTOS/tasks.o
 .bss.uxDeletedTasksWaitingCleanUp
                0x2000015c        0x4 ./ThirdParty/FreeRTOS/tasks.o
 .bss.xSuspendedTaskList
                0x20000160       0x14 ./ThirdParty/FreeRTOS/tasks.o
 .bss.uxCurrentNumberOfTasks
                0x20000174        0x4 ./ThirdParty/FreeRTOS/tasks.o
 .bss.xTickCount
                0x20000178        0x4 ./ThirdParty/FreeRTOS/tasks.o
 .bss.uxTopReadyPriority
                0x2000017c        0x4 ./ThirdParty/FreeRTOS/tasks.o
 .bss.xSchedulerRunning
                0x20000180        0x4 ./ThirdParty/FreeRTOS/tasks.o
 .bss.xPendedTicks
                0x20000184        0x4 ./ThirdParty/FreeRTOS/tasks.o
 .bss.xYieldPending
                0x20000188        0x4 ./ThirdParty/FreeRTOS/tasks.o
 .bss.xNumOfOverflows
                0x2000018c        0x4 ./ThirdParty/FreeRTOS/tasks.o
 .bss.uxTaskNumber
                0x20000190        0x4 ./ThirdParty/FreeRTOS/tasks.o
 .bss.xNextTaskUnblockTime
                0x20000194        0x4 ./ThirdParty/FreeRTOS/tasks.o
 .bss.xIdleTaskHandle
                0x20000198        0x4 ./ThirdParty/FreeRTOS/tasks.o
 .bss.uxSchedulerSuspended
                0x2000019c        0x4 ./ThirdParty/FreeRTOS/tasks.o
 .bss.ucMaxSysCallPriority
                0x200001a0        0x1 ./ThirdParty/FreeRTOS/portable/GCC/ARM_CM4F/port.o
 *fill*         0x200001a1        0x3 
 .bss.ulMaxPRIGROUPValue
                0x200001a4        0x4 ./ThirdParty/FreeRTOS/portable/GCC/ARM_CM4F/port.o
 .bss.ucHeap    0x200001a8     0x3c00 ./ThirdParty/FreeRTOS/portable/MemMang/heap_4.o
 .bss.xStart    0x20003da8        0x8 ./ThirdParty/FreeRTOS/portable/MemMang/heap_4.o
 .bss.pxEnd     0x20003db0        0x4 ./ThirdParty/FreeRTOS/portable/MemMang/heap_4.o
 .bss.xFreeBytesRemaining
                0x20003db4        0x4 ./ThirdParty/FreeRTOS/portable/MemMang/heap_4.o
 .bss.xMinimumEverFreeBytesRemaining
                0x20003db8        0x4 ./ThirdParty/FreeRTOS/portable/MemMang/heap_4.o
 .bss.xNumberOfSuccessfulAllocations
                0x20003dbc        0x4 ./ThirdParty/FreeRTOS/portable/MemMang/heap_4.o
 .bss.xNumberOfSuccessfulFrees
                0x20003dc0        0x4 ./ThirdParty/FreeRTOS/portable/MemMang/heap_4.o
 .bss.xBlockAllocatedBit
                0x20003dc4        0x4 ./ThirdParty/FreeRTOS/portable/MemMang/heap_4.o
 .bss.__sf      0x20003dc8      0x138 /home/sunbeam/stm/plugins/com.st.stm32cube.ide.mcu.externaltools.gnu-tools-for-stm32.13.3.rel1.linux64_1.0.0.202410170706/tools/bin/../lib/gcc/arm-none-eabi/13.3.1/../../../../arm-none-eabi/lib/thumb/v7e-m+fp/hard/libc_nano.a(libc_a-findfp.o)
                0x20003dc8                __sf
 .bss.__lock___malloc_recursive_mutex
                0x20003f00        0x1 /home/sunbeam/stm/plugins/com.st.stm32cube.ide.mcu.externaltools.gnu-tools-for-stm32.13.3.rel1.linux64_1.0.0.202410170706/tools/bin/../lib/gcc/arm-none-eabi/13.3.1/../../../../arm-none-eabi/lib/thumb/v7e-m+fp/hard/libc_nano.a(libc_a-lock.o)
                0x20003f00                __lock___malloc_recursive_mutex
 *fill*         0x20003f01        0x3 
 .bss.__malloc_free_list
                0x20003f04        0x4 /home/sunbeam/stm/plugins/com.st.stm32cube.ide.mcu.externaltools.gnu-tools-for-stm32.13.3.rel1.linux64_1.0.0.202410170706/tools/bin/../lib/gcc/arm-none-eabi/13.3.1/../../../../arm-none-eabi/lib/thumb/v7e-m+fp/hard/libc_nano.a(libc_a-mallocr.o)
                0x20003f04                __malloc_free_list
 *(COMMON)
                0x20003f08                        . = ALIGN (0x4)
                0x20003f08                        _ebss = .
                0x20003f08                        __bss_end__ = _ebss

._user_heap_stack
                0x20003f08      0x600
                0x20003f08                        . = ALIGN (0x8)
                [!provide]                        PROVIDE (end = .)
                0x20003f08                        PROVIDE (_end = .)
                0x20004108                        . = (. + _Min_Heap_Size)
 *fill*         0x20003f08      0x200 
                0x20004508                        . = (. + _Min_Stack_Size)
 *fill*         0x20004108      0x400 
                0x20004508                        . = ALIGN (0x8)

/DISCARD/
 libc.a(*)
 libm.a(*)
 libgcc.a(*)

.ARM.attributes
                0x00000000       0x30
 *(.ARM.attributes)
 .ARM.attributes
                0x00000000       0x22 /home/sunbeam/stm/plugins/com.st.stm32cube.ide.mcu.externaltools.gnu-tools-for-stm32.13.3.rel1.linux64_1.0.0.202410170706/tools/bin/../lib/gcc/arm-none-eabi/13.3.1/thumb/v7e-m+fp/hard/crti.o
 .ARM.attributes
                0x00000022       0x34 /home/sunbeam/stm/plugins/com.st.stm32cube.ide.mcu.externaltools.gnu-tools-for-stm32.13.3.rel1.linux64_1.0.0.202410170706/tools/bin/../lib/gcc/arm-none-eabi/13.3.1/thumb/v7e-m+fp/hard/crtbegin.o
 .ARM.attributes
                0x00000056       0x34 ./Src/main.o
 .ARM.attributes
                0x0000008a       0x34 ./Src/system_stm32f4xx.o
 .ARM.attributes
                0x000000be       0x34 ./Src/uart.o
 .ARM.attributes
                0x000000f2       0x21 ./Startup/startup_stm32f407vgtx.o
 .ARM.attributes
                0x00000113       0x34 ./ThirdParty/FreeRTOS/list.o
 .ARM.attributes
                0x00000147       0x34 ./ThirdParty/FreeRTOS/tasks.o
 .ARM.attributes
                0x0000017b       0x34 ./ThirdParty/FreeRTOS/portable/GCC/ARM_CM4F/port.o
 .ARM.attributes
                0x000001af       0x34 ./ThirdParty/FreeRTOS/portable/MemMang/heap_4.o
 .ARM.attributes
                0x000001e3       0x34 /home/sunbeam/stm/plugins/com.st.stm32cube.ide.mcu.externaltools.gnu-tools-for-stm32.13.3.rel1.linux64_1.0.0.202410170706/tools/bin/../lib/gcc/arm-none-eabi/13.3.1/../../../../arm-none-eabi/lib/thumb/v7e-m+fp/hard/libc_nano.a(libc_a-findfp.o)
 .ARM.attributes
                0x00000217       0x34 /home/sunbeam/stm/plugins/com.st.stm32cube.ide.mcu.externaltools.gnu-tools-for-stm32.13.3.rel1.linux64_1.0.0.202410170706/tools/bin/../lib/gcc/arm-none-eabi/13.3.1/../../../../arm-none-eabi/lib/thumb/v7e-m+fp/hard/libc_nano.a(libc_a-memset.o)
 .ARM.attributes
                0x0000024b       0x34 /home/sunbeam/stm/plugins/com.st.stm32cube.ide.mcu.externaltools.gnu-tools-for-stm32.13.3.rel1.linux64_1.0.0.202410170706/tools/bin/../lib/gcc/arm-none-eabi/13.3.1/../../../../arm-none-eabi/lib/thumb/v7e-m+fp/hard/libc_nano.a(libc_a-strupr.o)
 .ARM.attributes
                0x0000027f       0x34 /home/sunbeam/stm/plugins/com.st.stm32cube.ide.mcu.externaltools.gnu-tools-for-stm32.13.3.rel1.linux64_1.0.0.202410170706/tools/bin/../lib/gcc/arm-none-eabi/13.3.1/../../../../arm-none-eabi/lib/thumb/v7e-m+fp/hard/libc_nano.a(libc_a-reent.o)
 .ARM.attributes
                0x000002b3       0x34 /home/sunbeam/stm/plugins/com.st.stm32cube.ide.mcu.externaltools.gnu-tools-for-stm32.13.3.rel1.linux64_1.0.0.202410170706/tools/bin/../lib/gcc/arm-none-eabi/13.3.1/../../../../arm-none-eabi/lib/thumb/v7e-m+fp/hard/libc_nano.a(libc_a-impure.o)
 .ARM.attributes
                0x000002e7       0x34 /home/sunbeam/stm/plugins/com.st.stm32cube.ide.mcu.externaltools.gnu-tools-for-stm32.13.3.rel1.linux64_1.0.0.202410170706/tools/bin/../lib/gcc/arm-none-eabi/13.3.1/../../../../arm-none-eabi/lib/thumb/v7e-m+fp/hard/libc_nano.a(libc_a-init.o)
 .ARM.attributes
                0x0000031b       0x34 /home/sunbeam/stm/plugins/com.st.stm32cube.ide.mcu.externaltools.gnu-tools-for-stm32.13.3.rel1.linux64_1.0.0.202410170706/tools/bin/../lib/gcc/arm-none-eabi/13.3.1/../../../../arm-none-eabi/lib/thumb/v7e-m+fp/hard/libc_nano.a(libc_a-lock.o)
 .ARM.attributes
                0x0000034f       0x34 /home/sunbeam/stm/plugins/com.st.stm32cube.ide.mcu.externaltools.gnu-tools-for-stm32.13.3.rel1.linux64_1.0.0.202410170706/tools/bin/../lib/gcc/arm-none-eabi/13.3.1/../../../../arm-none-eabi/lib/thumb/v7e-m+fp/hard/libc_nano.a(libc_a-freer.o)
 .ARM.attributes
                0x00000383       0x34 /home/sunbeam/stm/plugins/com.st.stm32cube.ide.mcu.externaltools.gnu-tools-for-stm32.13.3.rel1.linux64_1.0.0.202410170706/tools/bin/../lib/gcc/arm-none-eabi/13.3.1/../../../../arm-none-eabi/lib/thumb/v7e-m+fp/hard/libc_nano.a(libc_a-mallocr.o)
 .ARM.attributes
                0x000003b7       0x34 /home/sunbeam/stm/plugins/com.st.stm32cube.ide.mcu.externaltools.gnu-tools-for-stm32.13.3.rel1.linux64_1.0.0.202410170706/tools/bin/../lib/gcc/arm-none-eabi/13.3.1/../../../../arm-none-eabi/lib/thumb/v7e-m+fp/hard/libc_nano.a(libc_a-mlock.o)
 .ARM.attributes
                0x000003eb       0x34 /home/sunbeam/stm/plugins/com.st.stm32cube.ide.mcu.externaltools.gnu-tools-for-stm32.13.3.rel1.linux64_1.0.0.202410170706/tools/bin/../lib/gcc/arm-none-eabi/13.3.1/../../../../arm-none-eabi/lib/thumb/v7e-m+fp/hard/libc_nano.a(libc_a-ctype_.o)
 .ARM.attributes
                0x0000041f       0x22 /home/sunbeam/stm/plugins/com.st.stm32cube.ide.mcu.externaltools.gnu-tools-for-stm32.13.3.rel1.linux64_1.0.0.202410170706/tools/bin/../lib/gcc/arm-none-eabi/13.3.1/thumb/v7e-m+fp/hard/crtn.o
OUTPUT(uart_msg.elf elf32-littlearm)
LOAD linker stubs
LOAD /home/sunbeam/stm/plugins/com.st.stm32cube.ide.mcu.externaltools.gnu-tools-for-stm32.13.3.rel1.linux64_1.0.0.202410170706/tools/bin/../lib/gcc/arm-none-eabi/13.3.1/../../../../arm-none-eabi/lib/thumb/v7e-m+fp/hard/libc.a
LOAD /home/sunbeam/stm/plugins/com.st.stm32cube.ide.mcu.externaltools.gnu-tools-for-stm32.13.3.rel1.linux64_1.0.0.202410170706/tools/bin/../lib/gcc/arm-none-eabi/13.3.1/../../../../arm-none-eabi/lib/thumb/v7e-m+fp/hard/libm.a
LOAD /home/sunbeam/stm/plugins/com.st.stm32cube.ide.mcu.externaltools.gnu-tools-for-stm32.13.3.rel1.linux64_1.0.0.202410170706/tools/bin/../lib/gcc/arm-none-eabi/13.3.1/thumb/v7e-m+fp/hard/libgcc.a

.debug_info     0x00000000     0x3c79
 .debug_info    0x00000000      0x205 ./Src/main.o
 .debug_info    0x00000205      0x700 ./Src/system_stm32f4xx.o
 .debug_info    0x00000905      0x3f0 ./Src/uart.o
 .debug_info    0x00000cf5       0x30 ./Startup/startup_stm32f407vgtx.o
 .debug_info    0x00000d25      0x2af ./ThirdParty/FreeRTOS/list.o
 .debug_info    0x00000fd4     0x22ef ./ThirdParty/FreeRTOS/tasks.o
 .debug_info    0x000032c3      0x4e1 ./ThirdParty/FreeRTOS/portable/GCC/ARM_CM4F/port.o
 .debug_info    0x000037a4      0x4d5 ./ThirdParty/FreeRTOS/portable/MemMang/heap_4.o

.debug_abbrev   0x00000000      0xd40
 .debug_abbrev  0x00000000      0x12c ./Src/main.o
 .debug_abbrev  0x0000012c      0x161 ./Src/system_stm32f4xx.o
 .debug_abbrev  0x0000028d      0x150 ./Src/uart.o
 .debug_abbrev  0x000003dd       0x24 ./Startup/startup_stm32f407vgtx.o
 .debug_abbrev  0x00000401       0xf5 ./ThirdParty/FreeRTOS/list.o
 .debug_abbrev  0x000004f6      0x3d3 ./ThirdParty/FreeRTOS/tasks.o
 .debug_abbrev  0x000008c9      0x25a ./ThirdParty/FreeRTOS/portable/GCC/ARM_CM4F/port.o
 .debug_abbrev  0x00000b23      0x21d ./ThirdParty/FreeRTOS/portable/MemMang/heap_4.o

.debug_aranges  0x00000000      0x398
 .debug_aranges
                0x00000000       0x28 ./Src/main.o
 .debug_aranges
                0x00000028       0x38 ./Src/system_stm32f4xx.o
 .debug_aranges
                0x00000060       0x40 ./Src/uart.o
 .debug_aranges
                0x000000a0       0x28 ./Startup/startup_stm32f407vgtx.o
 .debug_aranges
                0x000000c8       0x40 ./ThirdParty/FreeRTOS/list.o
 .debug_aranges
                0x00000108      0x1b8 ./ThirdParty/FreeRTOS/tasks.o
 .debug_aranges
                0x000002c0       0x80 ./ThirdParty/FreeRTOS/portable/GCC/ARM_CM4F/port.o
 .debug_aranges
                0x00000340       0x58 ./ThirdParty/FreeRTOS/portable/MemMang/heap_4.o

.debug_rnglists
                0x00000000      0x2ad
 .debug_rnglists
                0x00000000       0x19 ./Src/main.o
 .debug_rnglists
                0x00000019       0x26 ./Src/system_stm32f4xx.o
 .debug_rnglists
                0x0000003f       0x2c ./Src/uart.o
 .debug_rnglists
                0x0000006b       0x19 ./Startup/startup_stm32f407vgtx.o
 .debug_rnglists
                0x00000084       0x2b ./ThirdParty/FreeRTOS/list.o
 .debug_rnglists
                0x000000af      0x15f ./ThirdParty/FreeRTOS/tasks.o
 .debug_rnglists
                0x0000020e       0x5d ./ThirdParty/FreeRTOS/portable/GCC/ARM_CM4F/port.o
 .debug_rnglists
                0x0000026b       0x42 ./ThirdParty/FreeRTOS/portable/MemMang/heap_4.o

.debug_macro    0x00000000     0x2295
 .debug_macro   0x00000000      0x25f ./Src/main.o
 .debug_macro   0x0000025f       0x61 ./Src/main.o
 .debug_macro   0x000002c0       0x2a ./Src/main.o
 .debug_macro   0x000002ea       0x43 ./Src/main.o
 .debug_macro   0x0000032d       0x34 ./Src/main.o
 .debug_macro   0x00000361       0x16 ./Src/main.o
 .debug_macro   0x00000377       0x9e ./Src/main.o
 .debug_macro   0x00000415      0x370 ./Src/main.o
 .debug_macro   0x00000785      0x112 ./Src/main.o
 .debug_macro   0x00000897       0x10 ./Src/main.o
 .debug_macro   0x000008a7       0x16 ./Src/main.o
 .debug_macro   0x000008bd       0x4a ./Src/main.o
 .debug_macro   0x00000907       0x34 ./Src/main.o
 .debug_macro   0x0000093b       0x10 ./Src/main.o
 .debug_macro   0x0000094b       0x58 ./Src/main.o
 .debug_macro   0x000009a3       0x8e ./Src/main.o
 .debug_macro   0x00000a31       0x1c ./Src/main.o
 .debug_macro   0x00000a4d      0x185 ./Src/main.o
 .debug_macro   0x00000bd2       0x16 ./Src/main.o
 .debug_macro   0x00000be8       0x16 ./Src/main.o
 .debug_macro   0x00000bfe      0x146 ./Src/main.o
 .debug_macro   0x00000d44       0xf1 ./Src/main.o
 .debug_macro   0x00000e35      0x15a ./Src/main.o
 .debug_macro   0x00000f8f       0xe4 ./Src/main.o
 .debug_macro   0x00001073       0x1c ./Src/main.o
 .debug_macro   0x0000108f       0x26 ./Src/main.o
 .debug_macro   0x000010b5       0x16 ./Src/main.o
 .debug_macro   0x000010cb       0x3c ./Src/main.o
 .debug_macro   0x00001107      0x50c ./Src/main.o
 .debug_macro   0x00001613       0xb5 ./Src/main.o
 .debug_macro   0x000016c8      0x120 ./Src/main.o
 .debug_macro   0x000017e8       0x16 ./Src/main.o
 .debug_macro   0x000017fe       0x20 ./Src/main.o
 .debug_macro   0x0000181e       0x2e ./Src/main.o
 .debug_macro   0x0000184c       0x4a ./Src/main.o
 .debug_macro   0x00001896       0xe1 ./Src/system_stm32f4xx.o
 .debug_macro   0x00001977       0xd8 ./Src/uart.o
 .debug_macro   0x00001a4f      0x1a5 ./ThirdParty/FreeRTOS/list.o
 .debug_macro   0x00001bf4      0x28b ./ThirdParty/FreeRTOS/tasks.o
 .debug_macro   0x00001e7f       0x10 ./ThirdParty/FreeRTOS/tasks.o
 .debug_macro   0x00001e8f      0x246 ./ThirdParty/FreeRTOS/portable/GCC/ARM_CM4F/port.o
 .debug_macro   0x000020d5      0x1c0 ./ThirdParty/FreeRTOS/portable/MemMang/heap_4.o

.debug_line     0x00000000     0x3f1f
 .debug_line    0x00000000      0x636 ./Src/main.o
 .debug_line    0x00000636      0x4ae ./Src/system_stm32f4xx.o
 .debug_line    0x00000ae4      0x4d3 ./Src/uart.o
 .debug_line    0x00000fb7       0x7b ./Startup/startup_stm32f407vgtx.o
 .debug_line    0x00001032      0x65d ./ThirdParty/FreeRTOS/list.o
 .debug_line    0x0000168f     0x17ff ./ThirdParty/FreeRTOS/tasks.o
 .debug_line    0x00002e8e      0x823 ./ThirdParty/FreeRTOS/portable/GCC/ARM_CM4F/port.o
 .debug_line    0x000036b1      0x86e ./ThirdParty/FreeRTOS/portable/MemMang/heap_4.o

.debug_str      0x00000000    0x92f20
 .debug_str     0x00000000    0x92f20 ./Src/main.o
                              0x902bf (size before relaxing)
 .debug_str     0x00092f20    0x87e95 ./Src/system_stm32f4xx.o
 .debug_str     0x00092f20    0x87d1e ./Src/uart.o
 .debug_str     0x00092f20       0x73 ./Startup/startup_stm32f407vgtx.o
 .debug_str     0x00092f20     0xad7e ./ThirdParty/FreeRTOS/list.o
 .debug_str     0x00092f20     0xdf20 ./ThirdParty/FreeRTOS/tasks.o
 .debug_str     0x00092f20     0xc637 ./ThirdParty/FreeRTOS/portable/GCC/ARM_CM4F/port.o
 .debug_str     0x00092f20     0xc247 ./ThirdParty/FreeRTOS/portable/MemMang/heap_4.o

.comment        0x00000000       0x43
 .comment       0x00000000       0x43 ./Src/main.o
                                 0x44 (size before relaxing)
 .comment       0x00000043       0x44 ./Src/system_stm32f4xx.o
 .comment       0x00000043       0x44 ./Src/uart.o
 .comment       0x00000043       0x44 ./ThirdParty/FreeRTOS/list.o
 .comment       0x00000043       0x44 ./ThirdParty/FreeRTOS/tasks.o
 .comment       0x00000043       0x44 ./ThirdParty/FreeRTOS/portable/GCC/ARM_CM4F/port.o
 .comment       0x00000043       0x44 ./ThirdParty/FreeRTOS/portable/MemMang/heap_4.o

.debug_frame    0x00000000     0x1008
 .debug_frame   0x00000000       0x50 ./Src/main.o
 .debug_frame   0x00000050       0x84 ./Src/system_stm32f4xx.o
 .debug_frame   0x000000d4       0xc8 ./Src/uart.o
 .debug_frame   0x0000019c       0xd8 ./ThirdParty/FreeRTOS/list.o
 .debug_frame   0x00000274      0x768 ./ThirdParty/FreeRTOS/tasks.o
 .debug_frame   0x000009dc      0x1a8 ./ThirdParty/FreeRTOS/portable/GCC/ARM_CM4F/port.o
 .debug_frame   0x00000b84      0x12c ./ThirdParty/FreeRTOS/portable/MemMang/heap_4.o
 .debug_frame   0x00000cb0      0x144 /home/sunbeam/stm/plugins/com.st.stm32cube.ide.mcu.externaltools.gnu-tools-for-stm32.13.3.rel1.linux64_1.0.0.202410170706/tools/bin/../lib/gcc/arm-none-eabi/13.3.1/../../../../arm-none-eabi/lib/thumb/v7e-m+fp/hard/libc_nano.a(libc_a-findfp.o)
 .debug_frame   0x00000df4       0x20 /home/sunbeam/stm/plugins/com.st.stm32cube.ide.mcu.externaltools.gnu-tools-for-stm32.13.3.rel1.linux64_1.0.0.202410170706/tools/bin/../lib/gcc/arm-none-eabi/13.3.1/../../../../arm-none-eabi/lib/thumb/v7e-m+fp/hard/libc_nano.a(libc_a-memset.o)
 .debug_frame   0x00000e14       0x28 /home/sunbeam/stm/plugins/com.st.stm32cube.ide.mcu.externaltools.gnu-tools-for-stm32.13.3.rel1.linux64_1.0.0.202410170706/tools/bin/../lib/gcc/arm-none-eabi/13.3.1/../../../../arm-none-eabi/lib/thumb/v7e-m+fp/hard/libc_nano.a(libc_a-strupr.o)
 .debug_frame   0x00000e3c       0x38 /home/sunbeam/stm/plugins/com.st.stm32cube.ide.mcu.externaltools.gnu-tools-for-stm32.13.3.rel1.linux64_1.0.0.202410170706/tools/bin/../lib/gcc/arm-none-eabi/13.3.1/../../../../arm-none-eabi/lib/thumb/v7e-m+fp/hard/libc_nano.a(libc_a-reent.o)
 .debug_frame   0x00000e74       0x2c /home/sunbeam/stm/plugins/com.st.stm32cube.ide.mcu.externaltools.gnu-tools-for-stm32.13.3.rel1.linux64_1.0.0.202410170706/tools/bin/../lib/gcc/arm-none-eabi/13.3.1/../../../../arm-none-eabi/lib/thumb/v7e-m+fp/hard/libc_nano.a(libc_a-init.o)
 .debug_frame   0x00000ea0       0xb0 /home/sunbeam/stm/plugins/com.st.stm32cube.ide.mcu.externaltools.gnu-tools-for-stm32.13.3.rel1.linux64_1.0.0.202410170706/tools/bin/../lib/gcc/arm-none-eabi/13.3.1/../../../../arm-none-eabi/lib/thumb/v7e-m+fp/hard/libc_nano.a(libc_a-lock.o)
 .debug_frame   0x00000f50       0x38 /home/sunbeam/stm/plugins/com.st.stm32cube.ide.mcu.externaltools.gnu-tools-for-stm32.13.3.rel1.linux64_1.0.0.202410170706/tools/bin/../lib/gcc/arm-none-eabi/13.3.1/../../../../arm-none-eabi/lib/thumb/v7e-m+fp/hard/libc_nano.a(libc_a-freer.o)
 .debug_frame   0x00000f88       0x50 /home/sunbeam/stm/plugins/com.st.stm32cube.ide.mcu.externaltools.gnu-tools-for-stm32.13.3.rel1.linux64_1.0.0.202410170706/tools/bin/../lib/gcc/arm-none-eabi/13.3.1/../../../../arm-none-eabi/lib/thumb/v7e-m+fp/hard/libc_nano.a(libc_a-mallocr.o)
 .debug_frame   0x00000fd8       0x30 /home/sunbeam/stm/plugins/com.st.stm32cube.ide.mcu.externaltools.gnu-tools-for-stm32.13.3.rel1.linux64_1.0.0.202410170706/tools/bin/../lib/gcc/arm-none-eabi/13.3.1/../../../../arm-none-eabi/lib/thumb/v7e-m+fp/hard/libc_nano.a(libc_a-mlock.o)

.debug_loclists
                0x00000000       0x25
 .debug_loclists
                0x00000000       0x25 ./Src/system_stm32f4xx.o

.debug_line_str
                0x00000000       0x57
 .debug_line_str
                0x00000000       0x57 ./Startup/startup_stm32f407vgtx.o
